// Jest Snapshot v1, https://goo.gl/fbAQLP

exports[`Rockets renders Rockets 1`] = `
<div
  className="maindiv"
/>
`;
